// Jest Snapshot v1, https://goo.gl/fbAQLP

exports[`Iban component validates the snapshot 1`] = `
<div
  className="iban"
>
  <FlashingInput
    isValid={true}
    onChange={[Function]}
    onTab={[Function]}
    value="AT00 0000"
  />
  <span />
</div>
`;
